-- Install configuration: ""
-- Execute custom install script
-- Up-to-date symlink: /home/administrator/jackal_clearpath_ws/ros_ws/install/jackal_custom_config/share/jackal_custom_config/launch/__pycache__/sick_tim_custom.launch.cpython-310.pyc
-- Up-to-date symlink: /home/administrator/jackal_clearpath_ws/ros_ws/install/jackal_custom_config/share/jackal_custom_config/launch/nav2_localization_jackal.launch.py
-- Up-to-date symlink: /home/administrator/jackal_clearpath_ws/ros_ws/install/jackal_custom_config/share/jackal_custom_config/launch/nav2_localization_jackal_2.launch.py
-- Up-to-date symlink: /home/administrator/jackal_clearpath_ws/ros_ws/install/jackal_custom_config/share/jackal_custom_config/launch/nav2_navigation_jackal_2.launch.py
-- Up-to-date symlink: /home/administrator/jackal_clearpath_ws/ros_ws/install/jackal_custom_config/share/jackal_custom_config/launch/sick_tim_custom.launch.py
-- Up-to-date symlink: /home/administrator/jackal_clearpath_ws/ros_ws/install/jackal_custom_config/share/jackal_custom_config/launch/slam_toolbox_j100.launch.py
-- Up-to-date symlink: /home/administrator/jackal_clearpath_ws/ros_ws/install/jackal_custom_config/share/jackal_custom_config/launch/slam_toolbox_jackal.launch.py
-- Up-to-date symlink: /home/administrator/jackal_clearpath_ws/ros_ws/install/jackal_custom_config/share/jackal_custom_config/launch/slam_toolbox_jackal_2.launch.py
-- Symlinking: /home/administrator/jackal_clearpath_ws/ros_ws/install/jackal_custom_config/share/jackal_custom_config/config/av2_jackal_2.yaml
-- Symlinking: /home/administrator/jackal_clearpath_ws/ros_ws/install/jackal_custom_config/share/jackal_custom_config/config/av2_localization_jackal_2.yaml
-- Up-to-date symlink: /home/administrator/jackal_clearpath_ws/ros_ws/install/jackal_custom_config/share/jackal_custom_config/config/jackal_slam.yaml
-- Up-to-date symlink: /home/administrator/jackal_clearpath_ws/ros_ws/install/jackal_custom_config/share/jackal_custom_config/config/jackal_slam_2.yaml
-- Up-to-date symlink: /home/administrator/jackal_clearpath_ws/ros_ws/install/jackal_custom_config/share/jackal_custom_config/config/nav2_jackal.yaml
-- Up-to-date symlink: /home/administrator/jackal_clearpath_ws/ros_ws/install/jackal_custom_config/share/jackal_custom_config/config/nav2_jackal_2.yaml
-- Up-to-date symlink: /home/administrator/jackal_clearpath_ws/ros_ws/install/jackal_custom_config/share/jackal_custom_config/config/nav2_localization_jackal.txt
-- Up-to-date symlink: /home/administrator/jackal_clearpath_ws/ros_ws/install/jackal_custom_config/share/jackal_custom_config/config/nav2_localization_jackal_2.yaml
-- Up-to-date symlink: /home/administrator/jackal_clearpath_ws/ros_ws/install/jackal_custom_config/share/jackal_custom_config/launch/__pycache__/sick_tim_custom.launch.cpython-310.pyc
-- Up-to-date symlink: /home/administrator/jackal_clearpath_ws/ros_ws/install/jackal_custom_config/share/jackal_custom_config/launch/nav2_localization_jackal.launch.py
-- Up-to-date symlink: /home/administrator/jackal_clearpath_ws/ros_ws/install/jackal_custom_config/share/jackal_custom_config/launch/nav2_localization_jackal_2.launch.py
-- Up-to-date symlink: /home/administrator/jackal_clearpath_ws/ros_ws/install/jackal_custom_config/share/jackal_custom_config/launch/nav2_navigation_jackal_2.launch.py
-- Up-to-date symlink: /home/administrator/jackal_clearpath_ws/ros_ws/install/jackal_custom_config/share/jackal_custom_config/launch/sick_tim_custom.launch.py
-- Up-to-date symlink: /home/administrator/jackal_clearpath_ws/ros_ws/install/jackal_custom_config/share/jackal_custom_config/launch/slam_toolbox_j100.launch.py
-- Up-to-date symlink: /home/administrator/jackal_clearpath_ws/ros_ws/install/jackal_custom_config/share/jackal_custom_config/launch/slam_toolbox_jackal.launch.py
-- Up-to-date symlink: /home/administrator/jackal_clearpath_ws/ros_ws/install/jackal_custom_config/share/jackal_custom_config/launch/slam_toolbox_jackal_2.launch.py
-- Up-to-date symlink: /home/administrator/jackal_clearpath_ws/ros_ws/install/jackal_custom_config/share/ament_index/resource_index/package_run_dependencies/jackal_custom_config
-- Up-to-date symlink: /home/administrator/jackal_clearpath_ws/ros_ws/install/jackal_custom_config/share/ament_index/resource_index/parent_prefix_path/jackal_custom_config
-- Up-to-date symlink: /home/administrator/jackal_clearpath_ws/ros_ws/install/jackal_custom_config/share/jackal_custom_config/environment/ament_prefix_path.sh
-- Up-to-date symlink: /home/administrator/jackal_clearpath_ws/ros_ws/install/jackal_custom_config/share/jackal_custom_config/environment/ament_prefix_path.dsv
-- Up-to-date symlink: /home/administrator/jackal_clearpath_ws/ros_ws/install/jackal_custom_config/share/jackal_custom_config/environment/path.sh
-- Up-to-date symlink: /home/administrator/jackal_clearpath_ws/ros_ws/install/jackal_custom_config/share/jackal_custom_config/environment/path.dsv
-- Up-to-date symlink: /home/administrator/jackal_clearpath_ws/ros_ws/install/jackal_custom_config/share/jackal_custom_config/local_setup.bash
-- Up-to-date symlink: /home/administrator/jackal_clearpath_ws/ros_ws/install/jackal_custom_config/share/jackal_custom_config/local_setup.sh
-- Up-to-date symlink: /home/administrator/jackal_clearpath_ws/ros_ws/install/jackal_custom_config/share/jackal_custom_config/local_setup.zsh
-- Up-to-date symlink: /home/administrator/jackal_clearpath_ws/ros_ws/install/jackal_custom_config/share/jackal_custom_config/local_setup.dsv
-- Symlinking: /home/administrator/jackal_clearpath_ws/ros_ws/install/jackal_custom_config/share/jackal_custom_config/package.dsv
-- Up-to-date symlink: /home/administrator/jackal_clearpath_ws/ros_ws/install/jackal_custom_config/share/ament_index/resource_index/packages/jackal_custom_config
-- Up-to-date symlink: /home/administrator/jackal_clearpath_ws/ros_ws/install/jackal_custom_config/share/jackal_custom_config/cmake/jackal_custom_configConfig.cmake
-- Up-to-date symlink: /home/administrator/jackal_clearpath_ws/ros_ws/install/jackal_custom_config/share/jackal_custom_config/cmake/jackal_custom_configConfig-version.cmake
-- Up-to-date symlink: /home/administrator/jackal_clearpath_ws/ros_ws/install/jackal_custom_config/share/jackal_custom_config/package.xml
