[0.009s] Invoking command in '/home/administrator/jackal_clearpath_ws/ros_ws/build/jackal_custom_config': CMAKE_PREFIX_PATH=${CMAKE_PREFIX_PATH}:/opt/ros/humble /usr/bin/cmake /home/administrator/jackal_clearpath_ws/ros_ws/src/jackal_custom_config -DCMAKE_INSTALL_PREFIX=/home/administrator/jackal_clearpath_ws/ros_ws/install/jackal_custom_config
[0.217s] -- The C compiler identification is GNU 11.4.0
[0.409s] -- The CXX compiler identification is GNU 11.4.0
[0.420s] -- Detecting C compiler ABI info
[0.489s] -- Detecting C compiler ABI info - done
[0.497s] -- Check for working C compiler: /usr/bin/cc - skipped
[0.497s] -- Detecting C compile features
[0.498s] -- Detecting C compile features - done
[0.502s] -- Detecting CXX compiler ABI info
[0.582s] -- Detecting CXX compiler ABI info - done
[0.590s] -- Check for working CXX compiler: /usr/bin/c++ - skipped
[0.590s] -- Detecting CXX compile features
[0.591s] -- Detecting CXX compile features - done
[0.595s] -- Found ament_cmake: 1.3.12 (/opt/ros/humble/share/ament_cmake/cmake)
[0.751s] -- Found Python3: /usr/bin/python3 (found version "3.10.12") found components: Interpreter 
[0.926s] -- Configuring done
[0.929s] -- Generating done
[0.931s] -- Build files have been written to: /home/administrator/jackal_clearpath_ws/ros_ws/build/jackal_custom_config
[0.936s] Invoked command in '/home/administrator/jackal_clearpath_ws/ros_ws/build/jackal_custom_config' returned '0': CMAKE_PREFIX_PATH=${CMAKE_PREFIX_PATH}:/opt/ros/humble /usr/bin/cmake /home/administrator/jackal_clearpath_ws/ros_ws/src/jackal_custom_config -DCMAKE_INSTALL_PREFIX=/home/administrator/jackal_clearpath_ws/ros_ws/install/jackal_custom_config
[0.936s] Invoking command in '/home/administrator/jackal_clearpath_ws/ros_ws/build/jackal_custom_config': CMAKE_PREFIX_PATH=${CMAKE_PREFIX_PATH}:/opt/ros/humble /usr/bin/cmake --build /home/administrator/jackal_clearpath_ws/ros_ws/build/jackal_custom_config -- -j4 -l4
[0.969s] Invoked command in '/home/administrator/jackal_clearpath_ws/ros_ws/build/jackal_custom_config' returned '0': CMAKE_PREFIX_PATH=${CMAKE_PREFIX_PATH}:/opt/ros/humble /usr/bin/cmake --build /home/administrator/jackal_clearpath_ws/ros_ws/build/jackal_custom_config -- -j4 -l4
[0.979s] Invoking command in '/home/administrator/jackal_clearpath_ws/ros_ws/build/jackal_custom_config': CMAKE_PREFIX_PATH=${CMAKE_PREFIX_PATH}:/opt/ros/humble /usr/bin/cmake --install /home/administrator/jackal_clearpath_ws/ros_ws/build/jackal_custom_config
[0.985s] -- Install configuration: ""
[0.985s] -- Installing: /home/administrator/jackal_clearpath_ws/ros_ws/install/jackal_custom_config/share/jackal_custom_config/launch
[0.985s] -- Installing: /home/administrator/jackal_clearpath_ws/ros_ws/install/jackal_custom_config/share/jackal_custom_config/launch/sick_tim_custom.launch.py
[0.985s] -- Installing: /home/administrator/jackal_clearpath_ws/ros_ws/install/jackal_custom_config/share/ament_index/resource_index/package_run_dependencies/jackal_custom_config
[0.986s] -- Installing: /home/administrator/jackal_clearpath_ws/ros_ws/install/jackal_custom_config/share/ament_index/resource_index/parent_prefix_path/jackal_custom_config
[0.986s] -- Installing: /home/administrator/jackal_clearpath_ws/ros_ws/install/jackal_custom_config/share/jackal_custom_config/environment/ament_prefix_path.sh
[0.986s] -- Installing: /home/administrator/jackal_clearpath_ws/ros_ws/install/jackal_custom_config/share/jackal_custom_config/environment/ament_prefix_path.dsv
[0.986s] -- Installing: /home/administrator/jackal_clearpath_ws/ros_ws/install/jackal_custom_config/share/jackal_custom_config/environment/path.sh
[0.986s] -- Installing: /home/administrator/jackal_clearpath_ws/ros_ws/install/jackal_custom_config/share/jackal_custom_config/environment/path.dsv
[0.986s] -- Installing: /home/administrator/jackal_clearpath_ws/ros_ws/install/jackal_custom_config/share/jackal_custom_config/local_setup.bash
[0.986s] -- Installing: /home/administrator/jackal_clearpath_ws/ros_ws/install/jackal_custom_config/share/jackal_custom_config/local_setup.sh
[0.986s] -- Installing: /home/administrator/jackal_clearpath_ws/ros_ws/install/jackal_custom_config/share/jackal_custom_config/local_setup.zsh
[0.986s] -- Installing: /home/administrator/jackal_clearpath_ws/ros_ws/install/jackal_custom_config/share/jackal_custom_config/local_setup.dsv
[0.987s] -- Installing: /home/administrator/jackal_clearpath_ws/ros_ws/install/jackal_custom_config/share/jackal_custom_config/package.dsv
[0.987s] -- Installing: /home/administrator/jackal_clearpath_ws/ros_ws/install/jackal_custom_config/share/ament_index/resource_index/packages/jackal_custom_config
[0.987s] -- Installing: /home/administrator/jackal_clearpath_ws/ros_ws/install/jackal_custom_config/share/jackal_custom_config/cmake/jackal_custom_configConfig.cmake
[0.987s] -- Installing: /home/administrator/jackal_clearpath_ws/ros_ws/install/jackal_custom_config/share/jackal_custom_config/cmake/jackal_custom_configConfig-version.cmake
[0.987s] -- Installing: /home/administrator/jackal_clearpath_ws/ros_ws/install/jackal_custom_config/share/jackal_custom_config/package.xml
[0.989s] Invoked command in '/home/administrator/jackal_clearpath_ws/ros_ws/build/jackal_custom_config' returned '0': CMAKE_PREFIX_PATH=${CMAKE_PREFIX_PATH}:/opt/ros/humble /usr/bin/cmake --install /home/administrator/jackal_clearpath_ws/ros_ws/build/jackal_custom_config
