-- Found ament_cmake: 1.3.12 (/opt/ros/humble/share/ament_cmake/cmake)
-- Override CMake install command with custom implementation using symlinks instead of copying resources
-- Configuring done
-- Generating done
-- Build files have been written to: /home/administrator/jackal_clearpath_ws/ros_ws/build/jackal_custom_config
-- Install configuration: ""
-- Execute custom install script
-- Symlinking: /home/administrator/jackal_clearpath_ws/ros_ws/install/jackal_custom_config/share/jackal_custom_config/launch/sick_tim_custom.launch.py
-- Symlinking: /home/administrator/jackal_clearpath_ws/ros_ws/install/jackal_custom_config/share/jackal_custom_config/launch/slam_toolbox_j100.launch.py
-- Symlinking: /home/administrator/jackal_clearpath_ws/ros_ws/install/jackal_custom_config/share/ament_index/resource_index/package_run_dependencies/jackal_custom_config
-- Symlinking: /home/administrator/jackal_clearpath_ws/ros_ws/install/jackal_custom_config/share/ament_index/resource_index/parent_prefix_path/jackal_custom_config
-- Symlinking: /home/administrator/jackal_clearpath_ws/ros_ws/install/jackal_custom_config/share/jackal_custom_config/environment/ament_prefix_path.sh
-- Symlinking: /home/administrator/jackal_clearpath_ws/ros_ws/install/jackal_custom_config/share/jackal_custom_config/environment/ament_prefix_path.dsv
-- Symlinking: /home/administrator/jackal_clearpath_ws/ros_ws/install/jackal_custom_config/share/jackal_custom_config/environment/path.sh
-- Symlinking: /home/administrator/jackal_clearpath_ws/ros_ws/install/jackal_custom_config/share/jackal_custom_config/environment/path.dsv
-- Symlinking: /home/administrator/jackal_clearpath_ws/ros_ws/install/jackal_custom_config/share/jackal_custom_config/local_setup.bash
-- Symlinking: /home/administrator/jackal_clearpath_ws/ros_ws/install/jackal_custom_config/share/jackal_custom_config/local_setup.sh
-- Symlinking: /home/administrator/jackal_clearpath_ws/ros_ws/install/jackal_custom_config/share/jackal_custom_config/local_setup.zsh
-- Symlinking: /home/administrator/jackal_clearpath_ws/ros_ws/install/jackal_custom_config/share/jackal_custom_config/local_setup.dsv
-- Symlinking: /home/administrator/jackal_clearpath_ws/ros_ws/install/jackal_custom_config/share/jackal_custom_config/package.dsv
-- Symlinking: /home/administrator/jackal_clearpath_ws/ros_ws/install/jackal_custom_config/share/ament_index/resource_index/packages/jackal_custom_config
-- Symlinking: /home/administrator/jackal_clearpath_ws/ros_ws/install/jackal_custom_config/share/jackal_custom_config/cmake/jackal_custom_configConfig.cmake
-- Symlinking: /home/administrator/jackal_clearpath_ws/ros_ws/install/jackal_custom_config/share/jackal_custom_config/cmake/jackal_custom_configConfig-version.cmake
-- Symlinking: /home/administrator/jackal_clearpath_ws/ros_ws/install/jackal_custom_config/share/jackal_custom_config/package.xml
