[0.009s] Invoking command in '/home/administrator/jackal_clearpath_ws/ros_ws/build/jackal_custom_config': CMAKE_PREFIX_PATH=${CMAKE_PREFIX_PATH}:/opt/ros/humble /usr/bin/cmake /home/administrator/jackal_clearpath_ws/ros_ws/src/jackal_custom_config -DAMENT_CMAKE_SYMLINK_INSTALL=1 -DCMAKE_INSTALL_PREFIX=/home/administrator/jackal_clearpath_ws/ros_ws/install/jackal_custom_config
[0.029s] -- Found ament_cmake: 1.3.12 (/opt/ros/humble/share/ament_cmake/cmake)
[0.161s] -- Override CMake install command with custom implementation using symlinks instead of copying resources
[0.250s] -- Configuring done
[0.255s] -- Generating done
[0.257s] -- Build files have been written to: /home/administrator/jackal_clearpath_ws/ros_ws/build/jackal_custom_config
[0.259s] Invoked command in '/home/administrator/jackal_clearpath_ws/ros_ws/build/jackal_custom_config' returned '0': CMAKE_PREFIX_PATH=${CMAKE_PREFIX_PATH}:/opt/ros/humble /usr/bin/cmake /home/administrator/jackal_clearpath_ws/ros_ws/src/jackal_custom_config -DAMENT_CMAKE_SYMLINK_INSTALL=1 -DCMAKE_INSTALL_PREFIX=/home/administrator/jackal_clearpath_ws/ros_ws/install/jackal_custom_config
[0.261s] Invoking command in '/home/administrator/jackal_clearpath_ws/ros_ws/build/jackal_custom_config': CMAKE_PREFIX_PATH=${CMAKE_PREFIX_PATH}:/opt/ros/humble /usr/bin/cmake --build /home/administrator/jackal_clearpath_ws/ros_ws/build/jackal_custom_config -- -j4 -l4
[0.295s] Invoked command in '/home/administrator/jackal_clearpath_ws/ros_ws/build/jackal_custom_config' returned '0': CMAKE_PREFIX_PATH=${CMAKE_PREFIX_PATH}:/opt/ros/humble /usr/bin/cmake --build /home/administrator/jackal_clearpath_ws/ros_ws/build/jackal_custom_config -- -j4 -l4
[0.304s] Invoking command in '/home/administrator/jackal_clearpath_ws/ros_ws/build/jackal_custom_config': CMAKE_PREFIX_PATH=${CMAKE_PREFIX_PATH}:/opt/ros/humble /usr/bin/cmake --install /home/administrator/jackal_clearpath_ws/ros_ws/build/jackal_custom_config
[0.310s] -- Install configuration: ""
[0.311s] -- Execute custom install script
[0.311s] -- Symlinking: /home/administrator/jackal_clearpath_ws/ros_ws/install/jackal_custom_config/share/jackal_custom_config/launch/sick_tim_custom.launch.py
[0.319s] -- Symlinking: /home/administrator/jackal_clearpath_ws/ros_ws/install/jackal_custom_config/share/jackal_custom_config/launch/slam_toolbox_j100.launch.py
[0.327s] -- Symlinking: /home/administrator/jackal_clearpath_ws/ros_ws/install/jackal_custom_config/share/ament_index/resource_index/package_run_dependencies/jackal_custom_config
[0.335s] -- Symlinking: /home/administrator/jackal_clearpath_ws/ros_ws/install/jackal_custom_config/share/ament_index/resource_index/parent_prefix_path/jackal_custom_config
[0.343s] -- Symlinking: /home/administrator/jackal_clearpath_ws/ros_ws/install/jackal_custom_config/share/jackal_custom_config/environment/ament_prefix_path.sh
[0.351s] -- Symlinking: /home/administrator/jackal_clearpath_ws/ros_ws/install/jackal_custom_config/share/jackal_custom_config/environment/ament_prefix_path.dsv
[0.359s] -- Symlinking: /home/administrator/jackal_clearpath_ws/ros_ws/install/jackal_custom_config/share/jackal_custom_config/environment/path.sh
[0.367s] -- Symlinking: /home/administrator/jackal_clearpath_ws/ros_ws/install/jackal_custom_config/share/jackal_custom_config/environment/path.dsv
[0.375s] -- Symlinking: /home/administrator/jackal_clearpath_ws/ros_ws/install/jackal_custom_config/share/jackal_custom_config/local_setup.bash
[0.382s] -- Symlinking: /home/administrator/jackal_clearpath_ws/ros_ws/install/jackal_custom_config/share/jackal_custom_config/local_setup.sh
[0.390s] -- Symlinking: /home/administrator/jackal_clearpath_ws/ros_ws/install/jackal_custom_config/share/jackal_custom_config/local_setup.zsh
[0.398s] -- Symlinking: /home/administrator/jackal_clearpath_ws/ros_ws/install/jackal_custom_config/share/jackal_custom_config/local_setup.dsv
[0.406s] -- Symlinking: /home/administrator/jackal_clearpath_ws/ros_ws/install/jackal_custom_config/share/jackal_custom_config/package.dsv
[0.414s] -- Symlinking: /home/administrator/jackal_clearpath_ws/ros_ws/install/jackal_custom_config/share/ament_index/resource_index/packages/jackal_custom_config
[0.422s] -- Symlinking: /home/administrator/jackal_clearpath_ws/ros_ws/install/jackal_custom_config/share/jackal_custom_config/cmake/jackal_custom_configConfig.cmake
[0.430s] -- Symlinking: /home/administrator/jackal_clearpath_ws/ros_ws/install/jackal_custom_config/share/jackal_custom_config/cmake/jackal_custom_configConfig-version.cmake
[0.438s] -- Symlinking: /home/administrator/jackal_clearpath_ws/ros_ws/install/jackal_custom_config/share/jackal_custom_config/package.xml
[0.447s] Invoked command in '/home/administrator/jackal_clearpath_ws/ros_ws/build/jackal_custom_config' returned '0': CMAKE_PREFIX_PATH=${CMAKE_PREFIX_PATH}:/opt/ros/humble /usr/bin/cmake --install /home/administrator/jackal_clearpath_ws/ros_ws/build/jackal_custom_config
