[0.012s] Invoking command in '/home/administrator/jackal_clearpath_ws/ros_ws/build/jackal_custom_config': CMAKE_PREFIX_PATH=${CMAKE_PREFIX_PATH}:/opt/ros/humble /usr/bin/cmake --build /home/administrator/jackal_clearpath_ws/ros_ws/build/jackal_custom_config -- -j4 -l4
[0.063s] Invoked command in '/home/administrator/jackal_clearpath_ws/ros_ws/build/jackal_custom_config' returned '0': CMAKE_PREFIX_PATH=${CMAKE_PREFIX_PATH}:/opt/ros/humble /usr/bin/cmake --build /home/administrator/jackal_clearpath_ws/ros_ws/build/jackal_custom_config -- -j4 -l4
[0.075s] Invoking command in '/home/administrator/jackal_clearpath_ws/ros_ws/build/jackal_custom_config': CMAKE_PREFIX_PATH=${CMAKE_PREFIX_PATH}:/opt/ros/humble /usr/bin/cmake --install /home/administrator/jackal_clearpath_ws/ros_ws/build/jackal_custom_config
[0.083s] -- Install configuration: ""
[0.083s] -- Execute custom install script
[0.084s] -- Up-to-date symlink: /home/administrator/jackal_clearpath_ws/ros_ws/install/jackal_custom_config/share/jackal_custom_config/launch/__pycache__/sick_tim_custom.launch.cpython-310.pyc
[0.084s] -- Up-to-date symlink: /home/administrator/jackal_clearpath_ws/ros_ws/install/jackal_custom_config/share/jackal_custom_config/launch/sick_tim_custom.launch.py
[0.084s] -- Up-to-date symlink: /home/administrator/jackal_clearpath_ws/ros_ws/install/jackal_custom_config/share/jackal_custom_config/launch/sick_tim_custom.launch.py.bak.2026-02-23-213304
[0.084s] -- Up-to-date symlink: /home/administrator/jackal_clearpath_ws/ros_ws/install/jackal_custom_config/share/jackal_custom_config/launch/slam_toolbox_j100.launch.py
[0.084s] -- Up-to-date symlink: /home/administrator/jackal_clearpath_ws/ros_ws/install/jackal_custom_config/share/jackal_custom_config/launch/slam_toolbox_jackal.launch.py
[0.084s] -- Up-to-date symlink: /home/administrator/jackal_clearpath_ws/ros_ws/install/jackal_custom_config/share/ament_index/resource_index/package_run_dependencies/jackal_custom_config
[0.084s] -- Up-to-date symlink: /home/administrator/jackal_clearpath_ws/ros_ws/install/jackal_custom_config/share/ament_index/resource_index/parent_prefix_path/jackal_custom_config
[0.085s] -- Up-to-date symlink: /home/administrator/jackal_clearpath_ws/ros_ws/install/jackal_custom_config/share/jackal_custom_config/environment/ament_prefix_path.sh
[0.085s] -- Up-to-date symlink: /home/administrator/jackal_clearpath_ws/ros_ws/install/jackal_custom_config/share/jackal_custom_config/environment/ament_prefix_path.dsv
[0.085s] -- Up-to-date symlink: /home/administrator/jackal_clearpath_ws/ros_ws/install/jackal_custom_config/share/jackal_custom_config/environment/path.sh
[0.085s] -- Up-to-date symlink: /home/administrator/jackal_clearpath_ws/ros_ws/install/jackal_custom_config/share/jackal_custom_config/environment/path.dsv
[0.085s] -- Up-to-date symlink: /home/administrator/jackal_clearpath_ws/ros_ws/install/jackal_custom_config/share/jackal_custom_config/local_setup.bash
[0.086s] -- Up-to-date symlink: /home/administrator/jackal_clearpath_ws/ros_ws/install/jackal_custom_config/share/jackal_custom_config/local_setup.sh
[0.086s] -- Up-to-date symlink: /home/administrator/jackal_clearpath_ws/ros_ws/install/jackal_custom_config/share/jackal_custom_config/local_setup.zsh
[0.086s] -- Up-to-date symlink: /home/administrator/jackal_clearpath_ws/ros_ws/install/jackal_custom_config/share/jackal_custom_config/local_setup.dsv
[0.086s] -- Symlinking: /home/administrator/jackal_clearpath_ws/ros_ws/install/jackal_custom_config/share/jackal_custom_config/package.dsv
[0.098s] -- Up-to-date symlink: /home/administrator/jackal_clearpath_ws/ros_ws/install/jackal_custom_config/share/ament_index/resource_index/packages/jackal_custom_config
[0.098s] -- Up-to-date symlink: /home/administrator/jackal_clearpath_ws/ros_ws/install/jackal_custom_config/share/jackal_custom_config/cmake/jackal_custom_configConfig.cmake
[0.098s] -- Up-to-date symlink: /home/administrator/jackal_clearpath_ws/ros_ws/install/jackal_custom_config/share/jackal_custom_config/cmake/jackal_custom_configConfig-version.cmake
[0.098s] -- Up-to-date symlink: /home/administrator/jackal_clearpath_ws/ros_ws/install/jackal_custom_config/share/jackal_custom_config/package.xml
[0.104s] Invoked command in '/home/administrator/jackal_clearpath_ws/ros_ws/build/jackal_custom_config' returned '0': CMAKE_PREFIX_PATH=${CMAKE_PREFIX_PATH}:/opt/ros/humble /usr/bin/cmake --install /home/administrator/jackal_clearpath_ws/ros_ws/build/jackal_custom_config
